****************************************
Report : Averaged Power
	-verbose
Design : stage1_tile
Version: V-2023.12-SP5-2
Date   : Tue Aug 18 18:15:51 2026
****************************************

Library(s) Used:

    scc28nhkcp_hdc35p140_rvt_tt_v0p9_25c_basic (File: /share/ScLib/smic/smic28hkmg/SCC28NHKCP_HDC35P140_RVT_CDK_V0.2/SCC28NHKCP_HDC35P140_RVT_V0p2/liberty/0.9v/scc28nhkcp_hdc35p140_rvt_tt_v0p9_25c_basic.db)
    HS128X32_tt_ctypical_0p90v_0p90v_25c (File: /share/home/ST015_YRR/work/07_AI_work/HSS/stage1_tile/memory/HS128X32/db/HS128X32_tt_ctypical_0p90v_0p90v_25c.db)


Operating Conditions: tt_v0p9_25c   Library: scc28nhkcp_hdc35p140_rvt_tt_v0p9_25c_basic
Wire Load Model Mode: top

<no wire load model is set>

Power-specific unit information :
    Voltage Units = 1 V
    Capacitance Units = 1 pf
    Time Units = 1 ns
    Dynamic Power Units = 1 W
    Leakage Power Units = 1 W



  Attributes
  ----------
      i  -  Including register clock pin internal power
      u  -  User defined power group

                        Internal  Switching  Leakage    Total
Power Group             Power     Power      Power      Power   (     %)  Attrs
--------------------------------------------------------------------------------
clock_network              0.0124    0.0000    0.0000    0.0124 (45.90%)  i
register                2.740e-04 1.374e-04 7.869e-05 4.900e-04 ( 1.81%)  
combinational           1.847e-03 1.257e-03 3.429e-04 3.447e-03 (12.73%)  
sequential                 0.0000    0.0000    0.0000    0.0000 ( 0.00%)  
memory                  9.008e-03 1.017e-04 1.607e-03    0.0107 (39.57%)  
io_pad                     0.0000    0.0000    0.0000    0.0000 ( 0.00%)  
black_box                  0.0000    0.0000    0.0000    0.0000 ( 0.00%)  

  Net Switching Power  = 1.496e-03   ( 5.52%)
  Cell Internal Power  =    0.0236   (86.99%)
  Cell Leakage Power   = 2.028e-03   ( 7.49%)
                         ---------
Total Power            =    0.0271  (100.00%)

1
